[28-08-2026 11:36:54.206] [1] [MAIN] [0] [creazione pipe]
[28-08-2026 11:36:54.206] [1] [MAPPER] [0] [creazione processo mapper]
[28-08-2026 11:36:54.206] [1] [REDUCER] [0] [creazione processo reducer]
[28-08-2026 11:36:54.207] [1] [MAIN] [0] [apertura del file tests/cartella_input/1.txt]
[28-08-2026 11:36:54.207] [1] [MAIN] [0] [chiusura del file tests/cartella_input/1.txt]
[28-08-2026 11:36:54.207] [1] [MAIN] [0] [apertura del file tests/cartella_input/2.txt]
[28-08-2026 11:36:54.207] [1] [MAIN] [0] [chiusura del file tests/cartella_input/2.txt]
[28-08-2026 11:36:54.207] [1] [MAIN] [0] [apertura del file tests/cartella_input/3/4.txt]
[28-08-2026 11:36:54.207] [1] [MAIN] [0] [chiusura del file tests/cartella_input/3/4.txt]
[28-08-2026 11:36:54.207] [1] [MAIN] [0] [apertura del file tests/cartella_input/3/5.txt]
[28-08-2026 11:36:54.207] [1] [MAIN] [0] [chiusura del file tests/cartella_input/3/5.txt]
[28-08-2026 11:36:54.207] [1] [MAIN] [0] [apertura del file tests/cartella_input/4.txt]
[28-08-2026 11:36:54.207] [1] [MAIN] [0] [chiusura del file tests/cartella_input/4.txt]
[28-08-2026 11:36:54.813] [1] [MAIN] [0] [numero di righe inviate al mapper: 9]
[28-08-2026 11:36:54.813] [1] [MAIN] [0] [numero di risultati finali prodotti: 4]
[28-08-2026 11:36:54.813] [1] [MAIN] [0] [chiusura file di output]
[28-08-2026 11:36:54.832] [1] [MAIN] [0] [creazione pipe]
[28-08-2026 11:36:54.833] [2] [MAIN] [0] [creazione pipe]
[28-08-2026 11:36:54.833] [1] [MAIN] [0] [apertura del file tests/input_addendum.txt]
[28-08-2026 11:36:54.833] [1] [MAPPER] [0] [creazione processo mapper]
[28-08-2026 11:36:54.834] [1] [REDUCER] [0] [creazione processo reducer]
[28-08-2026 11:36:54.834] [2] [MAPPER] [0] [creazione processo mapper]
[28-08-2026 11:36:54.835] [2] [REDUCER] [0] [creazione processo reducer]
[28-08-2026 11:36:54.835] [2] [MAIN] [0] [apertura del file tests/cartella_input/1.txt]
[28-08-2026 11:36:54.835] [2] [MAIN] [0] [chiusura del file tests/cartella_input/1.txt]
[28-08-2026 11:36:54.835] [1] [MAIN] [0] [chiusura del file tests/input_addendum.txt]
[28-08-2026 11:36:54.835] [2] [MAIN] [0] [apertura del file tests/cartella_input/2.txt]
[28-08-2026 11:36:54.835] [2] [MAIN] [0] [chiusura del file tests/cartella_input/2.txt]
[28-08-2026 11:36:54.835] [2] [MAIN] [0] [apertura del file tests/cartella_input/3/4.txt]
[28-08-2026 11:36:54.835] [2] [MAIN] [0] [chiusura del file tests/cartella_input/3/4.txt]
[28-08-2026 11:36:54.835] [2] [MAIN] [0] [apertura del file tests/cartella_input/3/5.txt]
[28-08-2026 11:36:54.835] [2] [MAIN] [0] [chiusura del file tests/cartella_input/3/5.txt]
[28-08-2026 11:36:54.835] [2] [MAIN] [0] [apertura del file tests/cartella_input/4.txt]
[28-08-2026 11:36:54.835] [2] [MAIN] [0] [chiusura del file tests/cartella_input/4.txt]
[28-08-2026 11:36:55.481] [1] [MAIN] [0] [numero di righe inviate al mapper: 6]
[28-08-2026 11:36:55.481] [1] [MAIN] [0] [numero di risultati finali prodotti: 6]
[28-08-2026 11:36:55.481] [1] [MAIN] [0] [chiusura file di output]
[28-08-2026 11:36:55.486] [2] [MAIN] [0] [numero di righe inviate al mapper: 9]
[28-08-2026 11:36:55.487] [2] [MAIN] [0] [numero di risultati finali prodotti: 4]
[28-08-2026 11:36:55.487] [2] [MAIN] [0] [chiusura file di output]
