[01-09-2026 17:01:46.827] [1] [MAIN] [0] [creazione pipe]
[01-09-2026 17:01:46.827] [1] [MAPPER] [0] [creazione processo mapper]
[01-09-2026 17:01:46.828] [1] [MAIN] [0] [apertura del file tests/rec_input.txt]
[01-09-2026 17:01:46.828] [1] [REDUCER] [0] [creazione processo reducer]
[01-09-2026 17:01:46.829] [1] [MAIN] [0] [chiusura del file tests/rec_input.txt]
[01-09-2026 17:01:47.443] [1] [REDUCER] [1] [avvio reader reducer thread]
[01-09-2026 17:01:47.443] [1] [REDUCER] [2] [avvio worker reducer thread]
[01-09-2026 17:01:47.443] [1] [REDUCER] [3] [avvio worker reducer thread]
[01-09-2026 17:01:47.443] [1] [REDUCER] [0] [creazione di tutti i thread]
[01-09-2026 17:01:47.444] [1] [REDUCER] [4] [avvio worker reducer thread]
[01-09-2026 17:01:47.445] [1] [MAPPER] [1] [avvio reader mapper thread]
[01-09-2026 17:01:47.445] [1] [MAPPER] [2] [avvio worker mapper thread]
[01-09-2026 17:01:47.445] [1] [MAPPER] [3] [avvio worker mapper thread]
[01-09-2026 17:01:47.446] [1] [MAPPER] [4] [avvio worker mapper thread]
[01-09-2026 17:01:47.446] [1] [MAPPER] [0] [creazione di tutti i thread]
[01-09-2026 17:01:47.446] [1] [MAPPER] [1] [terminato con successo reader mapper thread]
[01-09-2026 17:01:47.446] [1] [MAPPER] [2] [terminato con successo worker mapper thread]
[01-09-2026 17:01:47.447] [1] [MAPPER] [4] [terminato con successo worker mapper thread]
[01-09-2026 17:01:47.447] [1] [MAPPER] [3] [terminato con successo worker mapper thread]
[01-09-2026 17:01:47.447] [1] [MAPPER] [0] [terminazione di tutti i thread]
[01-09-2026 17:01:47.447] [1] [MAPPER] [0] [numero di coppie prodotte dal mapper: 20]
[01-09-2026 17:01:47.447] [1] [REDUCER] [1] [terminato con successo reader reducer thread]
[01-09-2026 17:01:47.448] [1] [REDUCER] [4] [terminato con successo worker reducer thread]
[01-09-2026 17:01:47.448] [1] [REDUCER] [2] [terminato con successo worker reducer thread]
[01-09-2026 17:01:47.448] [1] [REDUCER] [3] [terminato con successo worker reducer thread]
[01-09-2026 17:01:47.448] [1] [REDUCER] [0] [terminazione di tutti i thread]
[01-09-2026 17:01:47.448] [1] [REDUCER] [0] [numero di token distinti: 11]
[01-09-2026 17:01:47.448] [1] [MAIN] [0] [numero di righe inviate al mapper: 20]
[01-09-2026 17:01:47.449] [1] [MAIN] [0] [numero di risultati finali prodotti: 11]
[01-09-2026 17:01:47.450] [1] [MAIN] [0] [chiusura file di output]
